profile=rt11v5
config=/pdpconfig-rt11v5.ini
started=2026-07-30T20:43:50.684530-07:00
status=passed
error=
--- console transcript ---
reset
exit
emulator reset scheduled (reload config, remount, zero RAM, cold boot)
vpdp:/> [vpdp1170] emulator reset: config=/pdpconfig.ini title="PDP 11 RT11 V5" boot=RK0 mem=124KW (EMU reboot)
Returning Telnet to the PDP-11 console.
vpdp1170: kek PDP-11/70 adapter console OK; trying RK0 boot...

RT-11FB  V05.04 F
SHOW

.TYPE V5USER.TXT

                               RT-11 V5.4F

    Installation of  RT-11 Version 5.4F is complete  and you are now running
    RT-11 from your system volume. 

    Your  system  volume  is  your  working  volume  if  you  have used  the
    automatic installation (AI) procedure. If you have installed RT-11 using
    that procedure,  DIGITAL recommends  you verify the correct operation of
    your system's software using the VERIFY verification procedure.  You can
    only perform VERIFY on the valid target (output) media  you used for the
    AI  procedure.  Run VERIFY  before you run CONFIG.  To run VERIFY, enter
    the command:

			       IND VERIFY

    DIGITAL  also recommends  you read  the file V5NOTE.TXT,  which contains
    information formalized too late to be included in the Release Notes. You
    can TYPE or PRINT V5NOTE.TXT.

    Also see Section 3.1 of the RT-11 System User's Guide for information on
    tailoring a start-up procedure using a start-up command file.


.R MSCPCK

.TT  (Resident) 
RK  (Resident) 
    RK0 = DK , SY 
MQ  (Resident) 
LD   
SL   
DL   
DU   
DP   
VM   
SP   
LP   
NL   
20 free slots


.